// Jest Snapshot v1, https://goo.gl/fbAQLP

exports[`<RepoList /> Snapshotting matches previous snapshot 1`] = `
initialize {
  "0": Object {
    "attribs": Object {},
    "children": Array [
      Object {
        "attribs": Object {},
        "children": Array [
          Object {
            "attribs": Object {
              "class": "table-four-column-grid",
            },
            "children": Array [
              Object {
                "attribs": Object {},
                "children": Array [
                  Object {
                    "data": "Name",
                    "next": null,
                    "parent": [Circular],
                    "prev": null,
                    "type": "text",
                  },
                ],
                "name": "th",
                "namespace": "http://www.w3.org/1999/xhtml",
                "next": Object {
                  "attribs": Object {},
                  "children": Array [
                    Object {
                      "data": "Language",
                      "next": null,
                      "parent": [Circular],
                      "prev": null,
                      "type": "text",
                    },
                  ],
                  "name": "th",
                  "namespace": "http://www.w3.org/1999/xhtml",
                  "next": Object {
                    "attribs": Object {},
                    "children": Array [
                      Object {
                        "data": "Latest Tag",
                        "next": null,
                        "parent": [Circular],
                        "prev": null,
                        "type": "text",
                      },
                    ],
                    "name": "th",
                    "namespace": "http://www.w3.org/1999/xhtml",
                    "next": Object {
                      "attribs": Object {},
                      "children": Array [],
                      "name": "th",
                      "namespace": "http://www.w3.org/1999/xhtml",
                      "next": null,
                      "parent": [Circular],
                      "prev": [Circular],
                      "type": "tag",
                      "x-attribsNamespace": Object {},
                      "x-attribsPrefix": Object {},
                    },
                    "parent": [Circular],
                    "prev": [Circular],
                    "type": "tag",
                    "x-attribsNamespace": Object {},
                    "x-attribsPrefix": Object {},
                  },
                  "parent": [Circular],
                  "prev": [Circular],
                  "type": "tag",
                  "x-attribsNamespace": Object {},
                  "x-attribsPrefix": Object {},
                },
                "parent": [Circular],
                "prev": null,
                "type": "tag",
                "x-attribsNamespace": Object {},
                "x-attribsPrefix": Object {},
              },
              Object {
                "attribs": Object {},
                "children": Array [
                  Object {
                    "data": "Language",
                    "next": null,
                    "parent": [Circular],
                    "prev": null,
                    "type": "text",
                  },
                ],
                "name": "th",
                "namespace": "http://www.w3.org/1999/xhtml",
                "next": Object {
                  "attribs": Object {},
                  "children": Array [
                    Object {
                      "data": "Latest Tag",
                      "next": null,
                      "parent": [Circular],
                      "prev": null,
                      "type": "text",
                    },
                  ],
                  "name": "th",
                  "namespace": "http://www.w3.org/1999/xhtml",
                  "next": Object {
                    "attribs": Object {},
                    "children": Array [],
                    "name": "th",
                    "namespace": "http://www.w3.org/1999/xhtml",
                    "next": null,
                    "parent": [Circular],
                    "prev": [Circular],
                    "type": "tag",
                    "x-attribsNamespace": Object {},
                    "x-attribsPrefix": Object {},
                  },
                  "parent": [Circular],
                  "prev": [Circular],
                  "type": "tag",
                  "x-attribsNamespace": Object {},
                  "x-attribsPrefix": Object {},
                },
                "parent": [Circular],
                "prev": Object {
                  "attribs": Object {},
                  "children": Array [
                    Object {
                      "data": "Name",
                      "next": null,
                      "parent": [Circular],
                      "prev": null,
                      "type": "text",
                    },
                  ],
                  "name": "th",
                  "namespace": "http://www.w3.org/1999/xhtml",
                  "next": [Circular],
                  "parent": [Circular],
                  "prev": null,
                  "type": "tag",
                  "x-attribsNamespace": Object {},
                  "x-attribsPrefix": Object {},
                },
                "type": "tag",
                "x-attribsNamespace": Object {},
                "x-attribsPrefix": Object {},
              },
              Object {
                "attribs": Object {},
                "children": Array [
                  Object {
                    "data": "Latest Tag",
                    "next": null,
                    "parent": [Circular],
                    "prev": null,
                    "type": "text",
                  },
                ],
                "name": "th",
                "namespace": "http://www.w3.org/1999/xhtml",
                "next": Object {
                  "attribs": Object {},
                  "children": Array [],
                  "name": "th",
                  "namespace": "http://www.w3.org/1999/xhtml",
                  "next": null,
                  "parent": [Circular],
                  "prev": [Circular],
                  "type": "tag",
                  "x-attribsNamespace": Object {},
                  "x-attribsPrefix": Object {},
                },
                "parent": [Circular],
                "prev": Object {
                  "attribs": Object {},
                  "children": Array [
                    Object {
                      "data": "Language",
                      "next": null,
                      "parent": [Circular],
                      "prev": null,
                      "type": "text",
                    },
                  ],
                  "name": "th",
                  "namespace": "http://www.w3.org/1999/xhtml",
                  "next": [Circular],
                  "parent": [Circular],
                  "prev": Object {
                    "attribs": Object {},
                    "children": Array [
                      Object {
                        "data": "Name",
                        "next": null,
                        "parent": [Circular],
                        "prev": null,
                        "type": "text",
                      },
                    ],
                    "name": "th",
                    "namespace": "http://www.w3.org/1999/xhtml",
                    "next": [Circular],
                    "parent": [Circular],
                    "prev": null,
                    "type": "tag",
                    "x-attribsNamespace": Object {},
                    "x-attribsPrefix": Object {},
                  },
                  "type": "tag",
                  "x-attribsNamespace": Object {},
                  "x-attribsPrefix": Object {},
                },
                "type": "tag",
                "x-attribsNamespace": Object {},
                "x-attribsPrefix": Object {},
              },
              Object {
                "attribs": Object {},
                "children": Array [],
                "name": "th",
                "namespace": "http://www.w3.org/1999/xhtml",
                "next": null,
                "parent": [Circular],
                "prev": Object {
                  "attribs": Object {},
                  "children": Array [
                    Object {
                      "data": "Latest Tag",
                      "next": null,
                      "parent": [Circular],
                      "prev": null,
                      "type": "text",
                    },
                  ],
                  "name": "th",
                  "namespace": "http://www.w3.org/1999/xhtml",
                  "next": [Circular],
                  "parent": [Circular],
                  "prev": Object {
                    "attribs": Object {},
                    "children": Array [
                      Object {
                        "data": "Language",
                        "next": null,
                        "parent": [Circular],
                        "prev": null,
                        "type": "text",
                      },
                    ],
                    "name": "th",
                    "namespace": "http://www.w3.org/1999/xhtml",
                    "next": [Circular],
                    "parent": [Circular],
                    "prev": Object {
                      "attribs": Object {},
                      "children": Array [
                        Object {
                          "data": "Name",
                          "next": null,
                          "parent": [Circular],
                          "prev": null,
                          "type": "text",
                        },
                      ],
                      "name": "th",
                      "namespace": "http://www.w3.org/1999/xhtml",
                      "next": [Circular],
                      "parent": [Circular],
                      "prev": null,
                      "type": "tag",
                      "x-attribsNamespace": Object {},
                      "x-attribsPrefix": Object {},
                    },
                    "type": "tag",
                    "x-attribsNamespace": Object {},
                    "x-attribsPrefix": Object {},
                  },
                  "type": "tag",
                  "x-attribsNamespace": Object {},
                  "x-attribsPrefix": Object {},
                },
                "type": "tag",
                "x-attribsNamespace": Object {},
                "x-attribsPrefix": Object {},
              },
            ],
            "name": "tr",
            "namespace": "http://www.w3.org/1999/xhtml",
            "next": null,
            "parent": [Circular],
            "prev": null,
            "type": "tag",
            "x-attribsNamespace": Object {
              "class": undefined,
            },
            "x-attribsPrefix": Object {
              "class": undefined,
            },
          },
        ],
        "name": "thead",
        "namespace": "http://www.w3.org/1999/xhtml",
        "next": Object {
          "attribs": Object {},
          "children": Array [],
          "name": "tbody",
          "namespace": "http://www.w3.org/1999/xhtml",
          "next": null,
          "parent": [Circular],
          "prev": [Circular],
          "type": "tag",
          "x-attribsNamespace": Object {},
          "x-attribsPrefix": Object {},
        },
        "parent": [Circular],
        "prev": null,
        "type": "tag",
        "x-attribsNamespace": Object {},
        "x-attribsPrefix": Object {},
      },
      Object {
        "attribs": Object {},
        "children": Array [],
        "name": "tbody",
        "namespace": "http://www.w3.org/1999/xhtml",
        "next": null,
        "parent": [Circular],
        "prev": Object {
          "attribs": Object {},
          "children": Array [
            Object {
              "attribs": Object {
                "class": "table-four-column-grid",
              },
              "children": Array [
                Object {
                  "attribs": Object {},
                  "children": Array [
                    Object {
                      "data": "Name",
                      "next": null,
                      "parent": [Circular],
                      "prev": null,
                      "type": "text",
                    },
                  ],
                  "name": "th",
                  "namespace": "http://www.w3.org/1999/xhtml",
                  "next": Object {
                    "attribs": Object {},
                    "children": Array [
                      Object {
                        "data": "Language",
                        "next": null,
                        "parent": [Circular],
                        "prev": null,
                        "type": "text",
                      },
                    ],
                    "name": "th",
                    "namespace": "http://www.w3.org/1999/xhtml",
                    "next": Object {
                      "attribs": Object {},
                      "children": Array [
                        Object {
                          "data": "Latest Tag",
                          "next": null,
                          "parent": [Circular],
                          "prev": null,
                          "type": "text",
                        },
                      ],
                      "name": "th",
                      "namespace": "http://www.w3.org/1999/xhtml",
                      "next": Object {
                        "attribs": Object {},
                        "children": Array [],
                        "name": "th",
                        "namespace": "http://www.w3.org/1999/xhtml",
                        "next": null,
                        "parent": [Circular],
                        "prev": [Circular],
                        "type": "tag",
                        "x-attribsNamespace": Object {},
                        "x-attribsPrefix": Object {},
                      },
                      "parent": [Circular],
                      "prev": [Circular],
                      "type": "tag",
                      "x-attribsNamespace": Object {},
                      "x-attribsPrefix": Object {},
                    },
                    "parent": [Circular],
                    "prev": [Circular],
                    "type": "tag",
                    "x-attribsNamespace": Object {},
                    "x-attribsPrefix": Object {},
                  },
                  "parent": [Circular],
                  "prev": null,
                  "type": "tag",
                  "x-attribsNamespace": Object {},
                  "x-attribsPrefix": Object {},
                },
                Object {
                  "attribs": Object {},
                  "children": Array [
                    Object {
                      "data": "Language",
                      "next": null,
                      "parent": [Circular],
                      "prev": null,
                      "type": "text",
                    },
                  ],
                  "name": "th",
                  "namespace": "http://www.w3.org/1999/xhtml",
                  "next": Object {
                    "attribs": Object {},
                    "children": Array [
                      Object {
                        "data": "Latest Tag",
                        "next": null,
                        "parent": [Circular],
                        "prev": null,
                        "type": "text",
                      },
                    ],
                    "name": "th",
                    "namespace": "http://www.w3.org/1999/xhtml",
                    "next": Object {
                      "attribs": Object {},
                      "children": Array [],
                      "name": "th",
                      "namespace": "http://www.w3.org/1999/xhtml",
                      "next": null,
                      "parent": [Circular],
                      "prev": [Circular],
                      "type": "tag",
                      "x-attribsNamespace": Object {},
                      "x-attribsPrefix": Object {},
                    },
                    "parent": [Circular],
                    "prev": [Circular],
                    "type": "tag",
                    "x-attribsNamespace": Object {},
                    "x-attribsPrefix": Object {},
                  },
                  "parent": [Circular],
                  "prev": Object {
                    "attribs": Object {},
                    "children": Array [
                      Object {
                        "data": "Name",
                        "next": null,
                        "parent": [Circular],
                        "prev": null,
                        "type": "text",
                      },
                    ],
                    "name": "th",
                    "namespace": "http://www.w3.org/1999/xhtml",
                    "next": [Circular],
                    "parent": [Circular],
                    "prev": null,
                    "type": "tag",
                    "x-attribsNamespace": Object {},
                    "x-attribsPrefix": Object {},
                  },
                  "type": "tag",
                  "x-attribsNamespace": Object {},
                  "x-attribsPrefix": Object {},
                },
                Object {
                  "attribs": Object {},
                  "children": Array [
                    Object {
                      "data": "Latest Tag",
                      "next": null,
                      "parent": [Circular],
                      "prev": null,
                      "type": "text",
                    },
                  ],
                  "name": "th",
                  "namespace": "http://www.w3.org/1999/xhtml",
                  "next": Object {
                    "attribs": Object {},
                    "children": Array [],
                    "name": "th",
                    "namespace": "http://www.w3.org/1999/xhtml",
                    "next": null,
                    "parent": [Circular],
                    "prev": [Circular],
                    "type": "tag",
                    "x-attribsNamespace": Object {},
                    "x-attribsPrefix": Object {},
                  },
                  "parent": [Circular],
                  "prev": Object {
                    "attribs": Object {},
                    "children": Array [
                      Object {
                        "data": "Language",
                        "next": null,
                        "parent": [Circular],
                        "prev": null,
                        "type": "text",
                      },
                    ],
                    "name": "th",
                    "namespace": "http://www.w3.org/1999/xhtml",
                    "next": [Circular],
                    "parent": [Circular],
                    "prev": Object {
                      "attribs": Object {},
                      "children": Array [
                        Object {
                          "data": "Name",
                          "next": null,
                          "parent": [Circular],
                          "prev": null,
                          "type": "text",
                        },
                      ],
                      "name": "th",
                      "namespace": "http://www.w3.org/1999/xhtml",
                      "next": [Circular],
                      "parent": [Circular],
                      "prev": null,
                      "type": "tag",
                      "x-attribsNamespace": Object {},
                      "x-attribsPrefix": Object {},
                    },
                    "type": "tag",
                    "x-attribsNamespace": Object {},
                    "x-attribsPrefix": Object {},
                  },
                  "type": "tag",
                  "x-attribsNamespace": Object {},
                  "x-attribsPrefix": Object {},
                },
                Object {
                  "attribs": Object {},
                  "children": Array [],
                  "name": "th",
                  "namespace": "http://www.w3.org/1999/xhtml",
                  "next": null,
                  "parent": [Circular],
                  "prev": Object {
                    "attribs": Object {},
                    "children": Array [
                      Object {
                        "data": "Latest Tag",
                        "next": null,
                        "parent": [Circular],
                        "prev": null,
                        "type": "text",
                      },
                    ],
                    "name": "th",
                    "namespace": "http://www.w3.org/1999/xhtml",
                    "next": [Circular],
                    "parent": [Circular],
                    "prev": Object {
                      "attribs": Object {},
                      "children": Array [
                        Object {
                          "data": "Language",
                          "next": null,
                          "parent": [Circular],
                          "prev": null,
                          "type": "text",
                        },
                      ],
                      "name": "th",
                      "namespace": "http://www.w3.org/1999/xhtml",
                      "next": [Circular],
                      "parent": [Circular],
                      "prev": Object {
                        "attribs": Object {},
                        "children": Array [
                          Object {
                            "data": "Name",
                            "next": null,
                            "parent": [Circular],
                            "prev": null,
                            "type": "text",
                          },
                        ],
                        "name": "th",
                        "namespace": "http://www.w3.org/1999/xhtml",
                        "next": [Circular],
                        "parent": [Circular],
                        "prev": null,
                        "type": "tag",
                        "x-attribsNamespace": Object {},
                        "x-attribsPrefix": Object {},
                      },
                      "type": "tag",
                      "x-attribsNamespace": Object {},
                      "x-attribsPrefix": Object {},
                    },
                    "type": "tag",
                    "x-attribsNamespace": Object {},
                    "x-attribsPrefix": Object {},
                  },
                  "type": "tag",
                  "x-attribsNamespace": Object {},
                  "x-attribsPrefix": Object {},
                },
              ],
              "name": "tr",
              "namespace": "http://www.w3.org/1999/xhtml",
              "next": null,
              "parent": [Circular],
              "prev": null,
              "type": "tag",
              "x-attribsNamespace": Object {
                "class": undefined,
              },
              "x-attribsPrefix": Object {
                "class": undefined,
              },
            },
          ],
          "name": "thead",
          "namespace": "http://www.w3.org/1999/xhtml",
          "next": [Circular],
          "parent": [Circular],
          "prev": null,
          "type": "tag",
          "x-attribsNamespace": Object {},
          "x-attribsPrefix": Object {},
        },
        "type": "tag",
        "x-attribsNamespace": Object {},
        "x-attribsPrefix": Object {},
      },
    ],
    "name": "table",
    "namespace": "http://www.w3.org/1999/xhtml",
    "next": null,
    "parent": null,
    "prev": null,
    "root": Object {
      "attribs": Object {},
      "children": Array [
        [Circular],
      ],
      "name": "root",
      "namespace": "http://www.w3.org/1999/xhtml",
      "next": null,
      "parent": null,
      "prev": null,
      "type": "root",
      "x-attribsNamespace": Object {},
      "x-attribsPrefix": Object {},
    },
    "type": "tag",
    "x-attribsNamespace": Object {},
    "x-attribsPrefix": Object {},
  },
  "_root": [Circular],
  "length": 1,
  "options": Object {
    "decodeEntities": true,
    "normalizeWhitespace": false,
    "withDomLvl1": true,
    "xml": false,
  },
}
`;
